
> kylrix-vault@0.1.0 build /home/nathfavour/code/kylrix/vault
> next build

   ▲ Next.js 15.4.10
   - Environments: .env
   - Experiments (use with caution):
     ✓ reactCompiler
     · optimizePackageImports

   Creating an optimized production build ...
